// Jest Snapshot v1, https://goo.gl/fbAQLP

exports[`Login component renders 1`] = `
<span
  class="sign-in"
>
  Sign in
</span>
`;
